// Jest Snapshot v1, https://goo.gl/fbAQLP

exports[`should render corrrectly 1`] = `
<View
  style={
    Object {
      "backgroundColor": "#fcfcfc",
      "flex": 1,
    }
  }
/>
`;
